---
source: tests/spec/emit/concurrency.rs
description: "input: \nfn test() -> (Sender<int>, Receiver<int>) {\n  let ch = Channel.new<int>();\n  ch.split()\n}\n"
---
package main

import lisette "github.com/ivov/lisette/prelude"

func test() (chan<- int, <-chan int) {
	ch := make(chan int)
	tup_1 := lisette.ChannelSplit(ch)
	return tup_1.First, tup_1.Second
}
