---
source: tests/spec/emit/types.rs
description: "input: \nimport \"go:errors\"\n\nfn might_fail(n: int) -> Result<int, error> {\n  if n < 0 {\n    return Err(errors.New(\"negative\"))\n  }\n  Ok(n)\n}\n"
---
package main

import "errors"

func might_fail(n int) (int, error) {
	if n < 0 {
		return *new(int), errors.New("negative")
	}
	return n, nil
}
