---
source: tests/spec/emit/functions.rs
description: "input: \nfn default_value<T>() -> Option<T> {\n  None\n}\n\nfn test() -> Option<int> {\n  default_value()\n}\n"
---
package main

func default_value[T any]() (T, bool) {
	return *new(T), false
}

func test() (int, bool) {
	return default_value[int]()
}
