---
source: tests/spec/emit/functions.rs
description: "input: \nimport \"go:flag\"\n\nfn main() {\n  let f = flag.UnquoteUsage\n  let fl = flag.Lookup(\"verbose\")\n  match fl {\n    Some(v) => { let _ = f(v) },\n    None => {},\n  }\n}\n"
---
package main

import (
	"flag"
	lisette "github.com/ivov/lisette/prelude"
)

func main() {
	f := flag.UnquoteUsage
	raw_1 := flag.Lookup("verbose")
	option_2 := lisette.OptionFromNilable[*flag.Flag](raw_1, raw_1 == nil)
	fl := option_2
	if fl.Tag == lisette.OptionSome {
		v := fl.SomeVal
		f(v)
	}
}
