---
source: tests/spec/emit/functions.rs
description: "input: \nimport \"go:fmt\"\nimport \"go:strconv\"\n\nfn main() {\n  {\n    let f = strconv.Atoi\n    let _ = f(\"1\")\n  }\n  let f = |s: string| -> int { 0 }\n  let r = f(\"2\")\n  fmt.Println(r)\n}\n"
---
package main

import (
	"fmt"
	"strconv"
)

func main() {
	{
		f := strconv.Atoi
		f("1")
	}
	f := func(_ string) int {
		return 0
	}
	r := f("2")
	fmt.Println(r)
}
