---
source: tests/spec/emit/functions.rs
description: "input: \nimport \"go:flag\"\n\nfn get(name: string) -> Option<Ref<flag.Flag>> {\n  flag.Lookup(name)\n}\n\nfn main() {\n  let _ = get(\"x\");\n}\n"
---
package main

import "flag"

func get(name string) *flag.Flag {
	return flag.Lookup(name)
}

func main() {
	get("x")
}
