---
source: tests/spec/emit/interop_matrix.rs
description: "input: \nimport \"go:os\"\n\nfn apply(f: fn(string) -> Option<string>, key: string) -> string {\n  match f(key) {\n    Some(v) => v,\n    None => \"unset\",\n  }\n}\n\nfn main() {\n  let r = apply(os.LookupEnv, \"HOME\")\n  let _ = r\n}\n"
---
package main

import (
	lisette "github.com/ivov/lisette/prelude"
	"os"
)

func apply(f func(string) (string, bool), key string) string {
	option_2 := lisette.OptionFromCommaOk[string](f(key))
	subject_1 := option_2
	if subject_1.Tag == lisette.OptionSome {
		return subject_1.SomeVal
	}
	return "unset"
}

func main() {
	_ = apply(os.LookupEnv, "HOME")
}
