---
source: tests/spec/emit/interop_matrix.rs
description: "input: \nimport \"go:flag\"\n\nfn apply(f: fn(string) -> Option<Ref<flag.Flag>>, name: string) -> bool {\n  match f(name) {\n    Some(_) => true,\n    None => false,\n  }\n}\n\nfn main() {\n  let r = apply(flag.Lookup, \"verbose\")\n  let _ = r\n}\n"
---
package main

import (
	"flag"
	lisette "github.com/ivov/lisette/prelude"
)

func apply(f func(string) *flag.Flag, name string) bool {
	raw_2 := f(name)
	option_3 := lisette.OptionFromNilable[*flag.Flag](raw_2, raw_2 == nil)
	subject_1 := option_3
	if subject_1.Tag == lisette.OptionSome {
		return true
	}
	return false
}

func main() {
	_ = apply(flag.Lookup, "verbose")
}
