---
source: tests/spec/emit/result_option_patterns.rs
description: "input: \nfn test(n: int) -> Option<int> {\n  match n {\n    1 => Some(10),\n    2 => Some(20),\n    _ => None,\n  }\n}\n"
---
package main

func test(n int) (int, bool) {
	switch n {
	case 1:
		return 10, true
	case 2:
		return 20, true
	default:
		return *new(int), false
	}
}
