---
source: tests/spec/emit/patterns.rs
assertion_line: 596
description: "input: \nimport \"go:fmt\"\n\nfn main() {\n  let rest = [99]\n  fmt.Println(rest[0])\n  let [x, ..rest] | [x, ..rest] = [1, 2] else {\n    return\n  }\n  fmt.Println(x, rest[0])\n}\n"
---
package main

import "fmt"

func main() {
	rest := []int{99}
	fmt.Println(rest[0])
	subject_1 := []int{1, 2}
	var x int
	var rest_2 []int
	if len(subject_1) >= 1 {
		x = subject_1[0]
		rest_2 = subject_1[1:]
	} else if len(subject_1) >= 1 {
		x = subject_1[0]
		rest_2 = subject_1[1:]
	} else {
		return
	}
	fmt.Println(x, rest_2[0])
}
