---
source: tests/spec/emit/go_interface_adapter.rs
description: "input: \nimport \"go:io\"\n\nstruct Doubler {}\n\nimpl Doubler {\n  fn Read(self, mut p: Slice<uint8>) -> Partial<int, error> {\n    Partial.Ok(0)\n  }\n}\n\nfn consume(r: io.Reader) {\n  let _ = r\n}\n\nfn main() {\n  let d = Doubler {}\n  consume(d as io.Reader)\n}\n"
---
package main

import "io"

type Doubler struct{}

func (d Doubler) String() string {
	return "Doubler"
}

func (d Doubler) Read(_ []uint8) (int, error) {
	return 0, nil
}

func consume(r io.Reader) {
	_ = r
}

func main() {
	d := Doubler{}
	consume(d)
}
