---
source: tests/spec/emit/result_option_patterns.rs
description: "input: \nfn maybe() -> Option<int> { Some(1) }\n\nfn test() -> Option<()> {\n  let _x = maybe()?\n  Some(())\n}\n"
---
package main

import lisette "github.com/ivov/lisette/prelude"

func maybe() (int, bool) {
	return 1, true
}

func test() (struct{}, bool) {
	option_1 := lisette.OptionFromCommaOk[int](maybe())
	check_2 := option_1
	if check_2.Tag != lisette.OptionSome {
		return *new(struct{}), false
	}
	return struct{}{}, true
}
