---
source: tests/spec/emit/prelude.rs
description: "input: \nfn test(s: Slice<int>) -> Option<int> {\n  s.find(|x| x > 0)\n}\n"
---
package main

import lisette "github.com/ivov/lisette/prelude"

func test(s []int) (int, bool) {
	v_1 := lisette.SliceFind(s, func(x int) bool {
		return x > 0
	})
	if v_1.Tag == lisette.OptionSome {
		return v_1.SomeVal, true
	}
	return *new(int), false
}
