---
source: tests/spec/emit/types.rs
description: "input: \nstruct UserId(int)\n\nimpl UserId {\n  fn String(self) -> string {\n    \"custom\"\n  }\n}\n\nfn main() {\n  let u = UserId(1)\n  let _ = u\n}\n"
---
package main

import "fmt"

type UserId int

func (u UserId) GoString() string {
	return fmt.Sprintf("UserId(%v)", int(u))
}

func (u UserId) String() string {
	return "custom"
}

func main() {
	_ = UserId(1)
}
