---
source: tests/spec/emit/expressions.rs
description: "input: \nfn test() -> Option<int> {\n  let items = ([1, 2, 3], [4, 5, 6])\n  items.0.get(0)\n}\n"
---
package main

import lisette "github.com/ivov/lisette/prelude"

func test() (int, bool) {
	items := lisette.MakeTuple2([]int{1, 2, 3}, []int{4, 5, 6})
	v_1 := lisette.SliceGet(items.First, 0)
	if v_1.Tag == lisette.OptionSome {
		return v_1.SomeVal, true
	}
	return *new(int), false
}
