---
source: tests/spec/emit/patterns.rs
description: "input: \nimport \"go:example.com/events\"\n\nfn handle(e: events.Event) -> Option<int> {\n  match e {\n    events.Click { x } if x > 100 => Some(x * 10),\n    events.Click { x } if x > 0 => Some(x),\n    events.Click { x } => Some(-x),\n    _ => None,\n  }\n}\n"
---
package main

import "example.com/events"

func handle(e events.Event) (int, bool) {
	switch e := e.(type) {
	case events.Click:
		x := e.X
		if x > 100 {
			return x * 10, true
		}
		x_1 := e.X
		if x_1 > 0 {
			return x_1, true
		}
		x_2 := e.X
		return -x_2, true
	default:
		return *new(int), false
	}
}
