---
source: tests/spec/emit/functions.rs
assertion_line: 1428
description: "input: \nfn noop() {}\n\nstruct Box {}\n\nimpl Box {\n  fn ping(self, _x: ()) {}\n}\n\nfn test() {\n  let b = Box {}\n  Box.ping(b, noop())\n}\n"
---
package main

func noop() {}

type Box struct{}

func (b Box) String() string {
	return "Box"
}

func (b Box) ping(_ struct{}) {}

func test() {
	b := Box{}
	_arg_1 := b
	noop()
	_arg_1.ping(struct{}{})
}
