---
source: tests/spec/emit/expressions.rs
assertion_line: 3463
description: "input: \nfn noop() {}\n\nfn main() {\n  let xs: Slice<()> = []\n  let y = Slice.append(xs, noop())\n  let _ = y\n}\n"
---
package main

func noop() {}

func main() {
	xs := []struct{}{}
	_arg_1 := xs
	noop()
	_ = append(_arg_1, struct{}{})
}
