---
source: tests/spec/emit/expressions.rs
description: "input: \nfn assert_type(x: int) -> Option<int> {\n  Some(x)\n}\n\nfn test() -> Option<int> {\n  assert_type(42)\n}\n"
---
package main

func assert_type(x int) (int, bool) {
	return x, true
}

func test() (int, bool) {
	return assert_type(42)
}
