---
source: tests/spec/emit/types.rs
description: "input: \nfn make_pair() -> (fn() -> int, fn()) {\n  let get = || -> int { 42 };\n  let inc = || { };\n  (get, inc)\n}\n"
---
package main

func make_pair() (func() int, func()) {
	get := func() int {
		return 42
	}
	inc := func() {
	}
	return get, inc
}
