---
source: tests/spec/parse/mod.rs
description: "input: \nfn test() { func(a, b, ..xs,); }\n"
---
[
    Function {
        doc: None,
        attributes: [],
        name: "test",
        name_span: Span {
            file_id: 0,
            byte_offset: 4,
            byte_length: 4,
        },
        generics: [],
        params: [],
        return_annotation: Unknown,
        return_type: Variable(
            -1,
        ),
        visibility: Private,
        body: Block {
            items: [
                Call {
                    expression: Identifier {
                        value: "func",
                        ty: Variable(
                            -1,
                        ),
                        span: Span {
                            file_id: 0,
                            byte_offset: 13,
                            byte_length: 4,
                        },
                        binding_id: None,
                        qualified: None,
                    },
                    args: [
                        Identifier {
                            value: "a",
                            ty: Variable(
                                -1,
                            ),
                            span: Span {
                                file_id: 0,
                                byte_offset: 18,
                                byte_length: 1,
                            },
                            binding_id: None,
                            qualified: None,
                        },
                        Identifier {
                            value: "b",
                            ty: Variable(
                                -1,
                            ),
                            span: Span {
                                file_id: 0,
                                byte_offset: 21,
                                byte_length: 1,
                            },
                            binding_id: None,
                            qualified: None,
                        },
                    ],
                    spread: Some(
                        Identifier {
                            value: "xs",
                            ty: Variable(
                                -1,
                            ),
                            span: Span {
                                file_id: 0,
                                byte_offset: 26,
                                byte_length: 2,
                            },
                            binding_id: None,
                            qualified: None,
                        },
                    ),
                    type_args: [],
                    ty: Variable(
                        -1,
                    ),
                    span: Span {
                        file_id: 0,
                        byte_offset: 13,
                        byte_length: 17,
                    },
                },
            ],
            ty: Variable(
                -1,
            ),
            span: Span {
                file_id: 0,
                byte_offset: 11,
                byte_length: 22,
            },
        },
        ty: Variable(
            -1,
        ),
        span: Span {
            file_id: 0,
            byte_offset: 1,
            byte_length: 32,
        },
    },
]
