---
source: tests/spec/parse/mod.rs
description: "input: \nfn test() -> Slice<string> {\n  let name = \"test\"\n  let msg = f\"items for {name}\"\n  [msg, msg + \"2\"]\n}\n"
---
[
    Function {
        doc: None,
        attributes: [],
        name: "test",
        name_span: Span {
            file_id: 0,
            byte_offset: 4,
            byte_length: 4,
        },
        generics: [],
        params: [],
        return_annotation: Constructor {
            name: "Slice",
            params: [
                Constructor {
                    name: "string",
                    params: [],
                    span: Span {
                        file_id: 0,
                        byte_offset: 20,
                        byte_length: 6,
                    },
                },
            ],
            span: Span {
                file_id: 0,
                byte_offset: 14,
                byte_length: 13,
            },
        },
        return_type: Var {
            id: uninferred,
        },
        visibility: Private,
        body: Block {
            items: [
                Let {
                    binding: Binding {
                        pattern: Identifier {
                            identifier: "name",
                            span: Span {
                                file_id: 0,
                                byte_offset: 36,
                                byte_length: 4,
                            },
                        },
                        annotation: None,
                        typed_pattern: None,
                        ty: Var {
                            id: uninferred,
                        },
                    },
                    value: Literal {
                        literal: String(
                            "test",
                        ),
                        ty: Var {
                            id: uninferred,
                        },
                        span: Span {
                            file_id: 0,
                            byte_offset: 43,
                            byte_length: 6,
                        },
                    },
                    mutable: false,
                    mut_span: None,
                    else_block: None,
                    else_span: None,
                    typed_pattern: None,
                    ty: Var {
                        id: uninferred,
                    },
                    span: Span {
                        file_id: 0,
                        byte_offset: 32,
                        byte_length: 17,
                    },
                },
                Let {
                    binding: Binding {
                        pattern: Identifier {
                            identifier: "msg",
                            span: Span {
                                file_id: 0,
                                byte_offset: 56,
                                byte_length: 3,
                            },
                        },
                        annotation: None,
                        typed_pattern: None,
                        ty: Var {
                            id: uninferred,
                        },
                    },
                    value: Literal {
                        literal: FormatString(
                            [
                                Text(
                                    "items for ",
                                ),
                                Expression(
                                    Identifier {
                                        value: "name",
                                        ty: Var {
                                            id: uninferred,
                                        },
                                        span: Span {
                                            file_id: 0,
                                            byte_offset: 75,
                                            byte_length: 4,
                                        },
                                        binding_id: None,
                                        qualified: None,
                                    },
                                ),
                            ],
                        ),
                        ty: Var {
                            id: uninferred,
                        },
                        span: Span {
                            file_id: 0,
                            byte_offset: 62,
                            byte_length: 19,
                        },
                    },
                    mutable: false,
                    mut_span: None,
                    else_block: None,
                    else_span: None,
                    typed_pattern: None,
                    ty: Var {
                        id: uninferred,
                    },
                    span: Span {
                        file_id: 0,
                        byte_offset: 52,
                        byte_length: 29,
                    },
                },
                Literal {
                    literal: Slice(
                        [
                            Identifier {
                                value: "msg",
                                ty: Var {
                                    id: uninferred,
                                },
                                span: Span {
                                    file_id: 0,
                                    byte_offset: 85,
                                    byte_length: 3,
                                },
                                binding_id: None,
                                qualified: None,
                            },
                            Binary {
                                operator: Addition,
                                left: Identifier {
                                    value: "msg",
                                    ty: Var {
                                        id: uninferred,
                                    },
                                    span: Span {
                                        file_id: 0,
                                        byte_offset: 90,
                                        byte_length: 3,
                                    },
                                    binding_id: None,
                                    qualified: None,
                                },
                                right: Literal {
                                    literal: String(
                                        "2",
                                    ),
                                    ty: Var {
                                        id: uninferred,
                                    },
                                    span: Span {
                                        file_id: 0,
                                        byte_offset: 96,
                                        byte_length: 3,
                                    },
                                },
                                ty: Var {
                                    id: uninferred,
                                },
                                span: Span {
                                    file_id: 0,
                                    byte_offset: 90,
                                    byte_length: 9,
                                },
                            },
                        ],
                    ),
                    ty: Var {
                        id: uninferred,
                    },
                    span: Span {
                        file_id: 0,
                        byte_offset: 84,
                        byte_length: 16,
                    },
                },
            ],
            ty: Var {
                id: uninferred,
            },
            span: Span {
                file_id: 0,
                byte_offset: 28,
                byte_length: 74,
            },
        },
        ty: Var {
            id: uninferred,
        },
        span: Span {
            file_id: 0,
            byte_offset: 1,
            byte_length: 101,
        },
    },
]
