---
source: tests/spec/parse/mod.rs
description: "input: \nfn abs(x: int) -> int {\n  if x < 0 {\n    return -x;\n  }\n  return x;\n}\n"
---
[
    Function {
        doc: None,
        attributes: [],
        name: "abs",
        name_span: Span {
            file_id: 0,
            byte_offset: 4,
            byte_length: 3,
        },
        generics: [],
        params: [
            Binding {
                pattern: Identifier {
                    identifier: "x",
                    span: Span {
                        file_id: 0,
                        byte_offset: 8,
                        byte_length: 1,
                    },
                },
                annotation: Some(
                    Constructor {
                        name: "int",
                        params: [],
                        span: Span {
                            file_id: 0,
                            byte_offset: 11,
                            byte_length: 3,
                        },
                    },
                ),
                typed_pattern: None,
                ty: Var {
                    id: uninferred,
                },
            },
        ],
        return_annotation: Constructor {
            name: "int",
            params: [],
            span: Span {
                file_id: 0,
                byte_offset: 19,
                byte_length: 3,
            },
        },
        return_type: Var {
            id: uninferred,
        },
        visibility: Private,
        body: Block {
            items: [
                If {
                    condition: Binary {
                        operator: LessThan,
                        left: Identifier {
                            value: "x",
                            ty: Var {
                                id: uninferred,
                            },
                            span: Span {
                                file_id: 0,
                                byte_offset: 30,
                                byte_length: 1,
                            },
                            binding_id: None,
                            qualified: None,
                        },
                        right: Literal {
                            literal: Integer {
                                value: 0,
                                text: None,
                            },
                            ty: Var {
                                id: uninferred,
                            },
                            span: Span {
                                file_id: 0,
                                byte_offset: 34,
                                byte_length: 1,
                            },
                        },
                        ty: Var {
                            id: uninferred,
                        },
                        span: Span {
                            file_id: 0,
                            byte_offset: 30,
                            byte_length: 5,
                        },
                    },
                    consequence: Block {
                        items: [
                            Return {
                                expression: Unary {
                                    operator: Negative,
                                    expression: Identifier {
                                        value: "x",
                                        ty: Var {
                                            id: uninferred,
                                        },
                                        span: Span {
                                            file_id: 0,
                                            byte_offset: 50,
                                            byte_length: 1,
                                        },
                                        binding_id: None,
                                        qualified: None,
                                    },
                                    ty: Var {
                                        id: uninferred,
                                    },
                                    span: Span {
                                        file_id: 0,
                                        byte_offset: 49,
                                        byte_length: 2,
                                    },
                                },
                                ty: Var {
                                    id: uninferred,
                                },
                                span: Span {
                                    file_id: 0,
                                    byte_offset: 42,
                                    byte_length: 9,
                                },
                            },
                        ],
                        ty: Var {
                            id: uninferred,
                        },
                        span: Span {
                            file_id: 0,
                            byte_offset: 36,
                            byte_length: 20,
                        },
                    },
                    alternative: Unit {
                        ty: Var {
                            id: uninferred,
                        },
                        span: Span {
                            file_id: 0,
                            byte_offset: 27,
                            byte_length: 29,
                        },
                    },
                    ty: Var {
                        id: uninferred,
                    },
                    span: Span {
                        file_id: 0,
                        byte_offset: 27,
                        byte_length: 29,
                    },
                },
                Return {
                    expression: Identifier {
                        value: "x",
                        ty: Var {
                            id: uninferred,
                        },
                        span: Span {
                            file_id: 0,
                            byte_offset: 66,
                            byte_length: 1,
                        },
                        binding_id: None,
                        qualified: None,
                    },
                    ty: Var {
                        id: uninferred,
                    },
                    span: Span {
                        file_id: 0,
                        byte_offset: 59,
                        byte_length: 8,
                    },
                },
            ],
            ty: Var {
                id: uninferred,
            },
            span: Span {
                file_id: 0,
                byte_offset: 23,
                byte_length: 47,
            },
        },
        ty: Var {
            id: uninferred,
        },
        span: Span {
            file_id: 0,
            byte_offset: 1,
            byte_length: 69,
        },
    },
]
