---
source: tests/spec/parse/mod.rs
description: "input: \nfn test(nested: ((int, int), int)) {\n  let x = nested.0.0;\n}\n"
---
[
    Function {
        doc: None,
        attributes: [],
        name: "test",
        name_span: Span {
            file_id: 0,
            byte_offset: 4,
            byte_length: 4,
        },
        generics: [],
        params: [
            Binding {
                pattern: Identifier {
                    identifier: "nested",
                    span: Span {
                        file_id: 0,
                        byte_offset: 9,
                        byte_length: 6,
                    },
                },
                annotation: Some(
                    Tuple {
                        elements: [
                            Tuple {
                                elements: [
                                    Constructor {
                                        name: "int",
                                        params: [],
                                        span: Span {
                                            file_id: 0,
                                            byte_offset: 19,
                                            byte_length: 3,
                                        },
                                    },
                                    Constructor {
                                        name: "int",
                                        params: [],
                                        span: Span {
                                            file_id: 0,
                                            byte_offset: 24,
                                            byte_length: 3,
                                        },
                                    },
                                ],
                                span: Span {
                                    file_id: 0,
                                    byte_offset: 18,
                                    byte_length: 10,
                                },
                            },
                            Constructor {
                                name: "int",
                                params: [],
                                span: Span {
                                    file_id: 0,
                                    byte_offset: 30,
                                    byte_length: 3,
                                },
                            },
                        ],
                        span: Span {
                            file_id: 0,
                            byte_offset: 17,
                            byte_length: 17,
                        },
                    },
                ),
                typed_pattern: None,
                ty: Var {
                    id: uninferred,
                },
            },
        ],
        return_annotation: Unknown,
        return_type: Var {
            id: uninferred,
        },
        visibility: Private,
        body: Block {
            items: [
                Let {
                    binding: Binding {
                        pattern: Identifier {
                            identifier: "x",
                            span: Span {
                                file_id: 0,
                                byte_offset: 44,
                                byte_length: 1,
                            },
                        },
                        annotation: None,
                        typed_pattern: None,
                        ty: Var {
                            id: uninferred,
                        },
                    },
                    value: DotAccess {
                        expression: DotAccess {
                            expression: Identifier {
                                value: "nested",
                                ty: Var {
                                    id: uninferred,
                                },
                                span: Span {
                                    file_id: 0,
                                    byte_offset: 48,
                                    byte_length: 6,
                                },
                                binding_id: None,
                                qualified: None,
                            },
                            member: "0",
                            ty: Var {
                                id: uninferred,
                            },
                            span: Span {
                                file_id: 0,
                                byte_offset: 48,
                                byte_length: 8,
                            },
                        },
                        member: "0",
                        ty: Var {
                            id: uninferred,
                        },
                        span: Span {
                            file_id: 0,
                            byte_offset: 48,
                            byte_length: 10,
                        },
                    },
                    mutable: false,
                    mut_span: None,
                    else_block: None,
                    else_span: None,
                    typed_pattern: None,
                    ty: Var {
                        id: uninferred,
                    },
                    span: Span {
                        file_id: 0,
                        byte_offset: 40,
                        byte_length: 18,
                    },
                },
            ],
            ty: Var {
                id: uninferred,
            },
            span: Span {
                file_id: 0,
                byte_offset: 36,
                byte_length: 25,
            },
        },
        ty: Var {
            id: uninferred,
        },
        span: Span {
            file_id: 0,
            byte_offset: 1,
            byte_length: 60,
        },
    },
]
