---
source: tests/spec/parse/mod.rs
description: "input: \nfn test() { let result = (a + b) * c; }\n"
---
[
    Function {
        doc: None,
        attributes: [],
        name: "test",
        name_span: Span {
            file_id: 0,
            byte_offset: 4,
            byte_length: 4,
        },
        generics: [],
        params: [],
        return_annotation: Unknown,
        return_type: Var {
            id: uninferred,
        },
        visibility: Private,
        body: Block {
            items: [
                Let {
                    binding: Binding {
                        pattern: Identifier {
                            identifier: "result",
                            span: Span {
                                file_id: 0,
                                byte_offset: 17,
                                byte_length: 6,
                            },
                        },
                        annotation: None,
                        typed_pattern: None,
                        ty: Var {
                            id: uninferred,
                        },
                    },
                    value: Binary {
                        operator: Multiplication,
                        left: Paren {
                            expression: Binary {
                                operator: Addition,
                                left: Identifier {
                                    value: "a",
                                    ty: Var {
                                        id: uninferred,
                                    },
                                    span: Span {
                                        file_id: 0,
                                        byte_offset: 27,
                                        byte_length: 1,
                                    },
                                    binding_id: None,
                                    qualified: None,
                                },
                                right: Identifier {
                                    value: "b",
                                    ty: Var {
                                        id: uninferred,
                                    },
                                    span: Span {
                                        file_id: 0,
                                        byte_offset: 31,
                                        byte_length: 1,
                                    },
                                    binding_id: None,
                                    qualified: None,
                                },
                                ty: Var {
                                    id: uninferred,
                                },
                                span: Span {
                                    file_id: 0,
                                    byte_offset: 27,
                                    byte_length: 5,
                                },
                            },
                            ty: Var {
                                id: uninferred,
                            },
                            span: Span {
                                file_id: 0,
                                byte_offset: 26,
                                byte_length: 7,
                            },
                        },
                        right: Identifier {
                            value: "c",
                            ty: Var {
                                id: uninferred,
                            },
                            span: Span {
                                file_id: 0,
                                byte_offset: 36,
                                byte_length: 1,
                            },
                            binding_id: None,
                            qualified: None,
                        },
                        ty: Var {
                            id: uninferred,
                        },
                        span: Span {
                            file_id: 0,
                            byte_offset: 26,
                            byte_length: 11,
                        },
                    },
                    mutable: false,
                    mut_span: None,
                    else_block: None,
                    else_span: None,
                    typed_pattern: None,
                    ty: Var {
                        id: uninferred,
                    },
                    span: Span {
                        file_id: 0,
                        byte_offset: 13,
                        byte_length: 24,
                    },
                },
            ],
            ty: Var {
                id: uninferred,
            },
            span: Span {
                file_id: 0,
                byte_offset: 11,
                byte_length: 29,
            },
        },
        ty: Var {
            id: uninferred,
        },
        span: Span {
            file_id: 0,
            byte_offset: 1,
            byte_length: 39,
        },
    },
]
