---
source: tests/spec/parse/mod.rs
description: "input: \nfn test(a: int, b: int) -> int {\n  return (a * b);\n}\n"
---
[
    Function {
        doc: None,
        attributes: [],
        name: "test",
        name_span: Span {
            file_id: 0,
            byte_offset: 4,
            byte_length: 4,
        },
        generics: [],
        params: [
            Binding {
                pattern: Identifier {
                    identifier: "a",
                    span: Span {
                        file_id: 0,
                        byte_offset: 9,
                        byte_length: 1,
                    },
                },
                annotation: Some(
                    Constructor {
                        name: "int",
                        params: [],
                        span: Span {
                            file_id: 0,
                            byte_offset: 12,
                            byte_length: 3,
                        },
                    },
                ),
                typed_pattern: None,
                ty: Var {
                    id: uninferred,
                },
            },
            Binding {
                pattern: Identifier {
                    identifier: "b",
                    span: Span {
                        file_id: 0,
                        byte_offset: 17,
                        byte_length: 1,
                    },
                },
                annotation: Some(
                    Constructor {
                        name: "int",
                        params: [],
                        span: Span {
                            file_id: 0,
                            byte_offset: 20,
                            byte_length: 3,
                        },
                    },
                ),
                typed_pattern: None,
                ty: Var {
                    id: uninferred,
                },
            },
        ],
        return_annotation: Constructor {
            name: "int",
            params: [],
            span: Span {
                file_id: 0,
                byte_offset: 28,
                byte_length: 3,
            },
        },
        return_type: Var {
            id: uninferred,
        },
        visibility: Private,
        body: Block {
            items: [
                Return {
                    expression: Paren {
                        expression: Binary {
                            operator: Multiplication,
                            left: Identifier {
                                value: "a",
                                ty: Var {
                                    id: uninferred,
                                },
                                span: Span {
                                    file_id: 0,
                                    byte_offset: 44,
                                    byte_length: 1,
                                },
                                binding_id: None,
                                qualified: None,
                            },
                            right: Identifier {
                                value: "b",
                                ty: Var {
                                    id: uninferred,
                                },
                                span: Span {
                                    file_id: 0,
                                    byte_offset: 48,
                                    byte_length: 1,
                                },
                                binding_id: None,
                                qualified: None,
                            },
                            ty: Var {
                                id: uninferred,
                            },
                            span: Span {
                                file_id: 0,
                                byte_offset: 44,
                                byte_length: 5,
                            },
                        },
                        ty: Var {
                            id: uninferred,
                        },
                        span: Span {
                            file_id: 0,
                            byte_offset: 43,
                            byte_length: 7,
                        },
                    },
                    ty: Var {
                        id: uninferred,
                    },
                    span: Span {
                        file_id: 0,
                        byte_offset: 36,
                        byte_length: 14,
                    },
                },
            ],
            ty: Var {
                id: uninferred,
            },
            span: Span {
                file_id: 0,
                byte_offset: 32,
                byte_length: 21,
            },
        },
        ty: Var {
            id: uninferred,
        },
        span: Span {
            file_id: 0,
            byte_offset: 1,
            byte_length: 52,
        },
    },
]
