---
source: tests/spec/parse/mod.rs
description: "input: \nfn test() {\n  let data = load_data()?;\n}\n"
---
[
    Function {
        doc: None,
        attributes: [],
        name: "test",
        name_span: Span {
            file_id: 0,
            byte_offset: 4,
            byte_length: 4,
        },
        generics: [],
        params: [],
        return_annotation: Unknown,
        return_type: Variable(
            -1,
        ),
        visibility: Private,
        body: Block {
            items: [
                Let {
                    binding: Binding {
                        pattern: Identifier {
                            identifier: "data",
                            span: Span {
                                file_id: 0,
                                byte_offset: 19,
                                byte_length: 4,
                            },
                        },
                        annotation: None,
                        typed_pattern: None,
                        ty: Variable(
                            -1,
                        ),
                    },
                    value: Propagate {
                        expression: Call {
                            expression: Identifier {
                                value: "load_data",
                                ty: Variable(
                                    -1,
                                ),
                                span: Span {
                                    file_id: 0,
                                    byte_offset: 26,
                                    byte_length: 9,
                                },
                                binding_id: None,
                                qualified: None,
                            },
                            args: [],
                            spread: None,
                            type_args: [],
                            ty: Variable(
                                -1,
                            ),
                            span: Span {
                                file_id: 0,
                                byte_offset: 26,
                                byte_length: 11,
                            },
                        },
                        ty: Variable(
                            -1,
                        ),
                        span: Span {
                            file_id: 0,
                            byte_offset: 26,
                            byte_length: 12,
                        },
                    },
                    mutable: false,
                    mut_span: None,
                    else_block: None,
                    else_span: None,
                    typed_pattern: None,
                    ty: Variable(
                        -1,
                    ),
                    span: Span {
                        file_id: 0,
                        byte_offset: 15,
                        byte_length: 23,
                    },
                },
            ],
            ty: Variable(
                -1,
            ),
            span: Span {
                file_id: 0,
                byte_offset: 11,
                byte_length: 30,
            },
        },
        ty: Variable(
            -1,
        ),
        span: Span {
            file_id: 0,
            byte_offset: 1,
            byte_length: 40,
        },
    },
]
