---
source: tests/spec/parse/mod.rs
description: "input: \nstruct Point { x: int }\nfn test(other: Point) {\n  let foo = true;\n  let x = 1;\n  if foo && Point { x } == other { true } else { false }\n}\n"
---
[
    Struct {
        doc: None,
        attributes: [],
        name: "Point",
        name_span: Span {
            file_id: 0,
            byte_offset: 8,
            byte_length: 5,
        },
        generics: [],
        fields: [
            StructFieldDefinition {
                doc: None,
                attributes: [],
                name: "x",
                name_span: Span {
                    file_id: 0,
                    byte_offset: 16,
                    byte_length: 1,
                },
                annotation: Constructor {
                    name: "int",
                    params: [],
                    span: Span {
                        file_id: 0,
                        byte_offset: 19,
                        byte_length: 3,
                    },
                },
                visibility: Private,
                ty: Var {
                    id: uninferred,
                },
            },
        ],
        kind: Record,
        visibility: Private,
        span: Span {
            file_id: 0,
            byte_offset: 1,
            byte_length: 23,
        },
    },
    Function {
        doc: None,
        attributes: [],
        name: "test",
        name_span: Span {
            file_id: 0,
            byte_offset: 28,
            byte_length: 4,
        },
        generics: [],
        params: [
            Binding {
                pattern: Identifier {
                    identifier: "other",
                    span: Span {
                        file_id: 0,
                        byte_offset: 33,
                        byte_length: 5,
                    },
                },
                annotation: Some(
                    Constructor {
                        name: "Point",
                        params: [],
                        span: Span {
                            file_id: 0,
                            byte_offset: 40,
                            byte_length: 5,
                        },
                    },
                ),
                typed_pattern: None,
                ty: Var {
                    id: uninferred,
                },
            },
        ],
        return_annotation: Unknown,
        return_type: Var {
            id: uninferred,
        },
        visibility: Private,
        body: Block {
            items: [
                Let {
                    binding: Binding {
                        pattern: Identifier {
                            identifier: "foo",
                            span: Span {
                                file_id: 0,
                                byte_offset: 55,
                                byte_length: 3,
                            },
                        },
                        annotation: None,
                        typed_pattern: None,
                        ty: Var {
                            id: uninferred,
                        },
                    },
                    value: Literal {
                        literal: Boolean(
                            true,
                        ),
                        ty: Var {
                            id: uninferred,
                        },
                        span: Span {
                            file_id: 0,
                            byte_offset: 61,
                            byte_length: 4,
                        },
                    },
                    mutable: false,
                    mut_span: None,
                    else_block: None,
                    else_span: None,
                    typed_pattern: None,
                    ty: Var {
                        id: uninferred,
                    },
                    span: Span {
                        file_id: 0,
                        byte_offset: 51,
                        byte_length: 14,
                    },
                },
                Let {
                    binding: Binding {
                        pattern: Identifier {
                            identifier: "x",
                            span: Span {
                                file_id: 0,
                                byte_offset: 73,
                                byte_length: 1,
                            },
                        },
                        annotation: None,
                        typed_pattern: None,
                        ty: Var {
                            id: uninferred,
                        },
                    },
                    value: Literal {
                        literal: Integer {
                            value: 1,
                            text: None,
                        },
                        ty: Var {
                            id: uninferred,
                        },
                        span: Span {
                            file_id: 0,
                            byte_offset: 77,
                            byte_length: 1,
                        },
                    },
                    mutable: false,
                    mut_span: None,
                    else_block: None,
                    else_span: None,
                    typed_pattern: None,
                    ty: Var {
                        id: uninferred,
                    },
                    span: Span {
                        file_id: 0,
                        byte_offset: 69,
                        byte_length: 9,
                    },
                },
                If {
                    condition: Binary {
                        operator: And,
                        left: Identifier {
                            value: "foo",
                            ty: Var {
                                id: uninferred,
                            },
                            span: Span {
                                file_id: 0,
                                byte_offset: 85,
                                byte_length: 3,
                            },
                            binding_id: None,
                            qualified: None,
                        },
                        right: Binary {
                            operator: Equal,
                            left: StructCall {
                                name: "Point",
                                field_assignments: [
                                    StructFieldAssignment {
                                        name: "x",
                                        name_span: Span {
                                            file_id: 0,
                                            byte_offset: 100,
                                            byte_length: 1,
                                        },
                                        value: Identifier {
                                            value: "x",
                                            ty: Var {
                                                id: uninferred,
                                            },
                                            span: Span {
                                                file_id: 0,
                                                byte_offset: 100,
                                                byte_length: 1,
                                            },
                                            binding_id: None,
                                            qualified: None,
                                        },
                                    },
                                ],
                                spread: None,
                                ty: Var {
                                    id: uninferred,
                                },
                                span: Span {
                                    file_id: 0,
                                    byte_offset: 92,
                                    byte_length: 11,
                                },
                            },
                            right: Identifier {
                                value: "other",
                                ty: Var {
                                    id: uninferred,
                                },
                                span: Span {
                                    file_id: 0,
                                    byte_offset: 107,
                                    byte_length: 5,
                                },
                                binding_id: None,
                                qualified: None,
                            },
                            ty: Var {
                                id: uninferred,
                            },
                            span: Span {
                                file_id: 0,
                                byte_offset: 92,
                                byte_length: 20,
                            },
                        },
                        ty: Var {
                            id: uninferred,
                        },
                        span: Span {
                            file_id: 0,
                            byte_offset: 85,
                            byte_length: 27,
                        },
                    },
                    consequence: Block {
                        items: [
                            Literal {
                                literal: Boolean(
                                    true,
                                ),
                                ty: Var {
                                    id: uninferred,
                                },
                                span: Span {
                                    file_id: 0,
                                    byte_offset: 115,
                                    byte_length: 4,
                                },
                            },
                        ],
                        ty: Var {
                            id: uninferred,
                        },
                        span: Span {
                            file_id: 0,
                            byte_offset: 113,
                            byte_length: 8,
                        },
                    },
                    alternative: Block {
                        items: [
                            Literal {
                                literal: Boolean(
                                    false,
                                ),
                                ty: Var {
                                    id: uninferred,
                                },
                                span: Span {
                                    file_id: 0,
                                    byte_offset: 129,
                                    byte_length: 5,
                                },
                            },
                        ],
                        ty: Var {
                            id: uninferred,
                        },
                        span: Span {
                            file_id: 0,
                            byte_offset: 127,
                            byte_length: 9,
                        },
                    },
                    ty: Var {
                        id: uninferred,
                    },
                    span: Span {
                        file_id: 0,
                        byte_offset: 82,
                        byte_length: 54,
                    },
                },
            ],
            ty: Var {
                id: uninferred,
            },
            span: Span {
                file_id: 0,
                byte_offset: 47,
                byte_length: 91,
            },
        },
        ty: Var {
            id: uninferred,
        },
        span: Span {
            file_id: 0,
            byte_offset: 25,
            byte_length: 113,
        },
    },
]
