---
source: tests/spec/parse/mod.rs
description: "input: \nfn test() {\n  let foo = 1;\n  let Bar = 2;\n  let x = 3;\n  if foo < Bar { x } else { 0 }\n}\n"
---
[
    Function {
        doc: None,
        attributes: [],
        name: "test",
        name_span: Span {
            file_id: 0,
            byte_offset: 4,
            byte_length: 4,
        },
        generics: [],
        params: [],
        return_annotation: Unknown,
        return_type: Var {
            id: uninferred,
        },
        visibility: Private,
        body: Block {
            items: [
                Let {
                    binding: Binding {
                        pattern: Identifier {
                            identifier: "foo",
                            span: Span {
                                file_id: 0,
                                byte_offset: 19,
                                byte_length: 3,
                            },
                        },
                        annotation: None,
                        typed_pattern: None,
                        ty: Var {
                            id: uninferred,
                        },
                    },
                    value: Literal {
                        literal: Integer {
                            value: 1,
                            text: None,
                        },
                        ty: Var {
                            id: uninferred,
                        },
                        span: Span {
                            file_id: 0,
                            byte_offset: 25,
                            byte_length: 1,
                        },
                    },
                    mutable: false,
                    mut_span: None,
                    else_block: None,
                    else_span: None,
                    typed_pattern: None,
                    ty: Var {
                        id: uninferred,
                    },
                    span: Span {
                        file_id: 0,
                        byte_offset: 15,
                        byte_length: 11,
                    },
                },
                Let {
                    binding: Binding {
                        pattern: EnumVariant {
                            identifier: "Bar",
                            fields: [],
                            rest: false,
                            ty: Var {
                                id: uninferred,
                            },
                            span: Span {
                                file_id: 0,
                                byte_offset: 34,
                                byte_length: 3,
                            },
                        },
                        annotation: None,
                        typed_pattern: None,
                        ty: Var {
                            id: uninferred,
                        },
                    },
                    value: Literal {
                        literal: Integer {
                            value: 2,
                            text: None,
                        },
                        ty: Var {
                            id: uninferred,
                        },
                        span: Span {
                            file_id: 0,
                            byte_offset: 40,
                            byte_length: 1,
                        },
                    },
                    mutable: false,
                    mut_span: None,
                    else_block: None,
                    else_span: None,
                    typed_pattern: None,
                    ty: Var {
                        id: uninferred,
                    },
                    span: Span {
                        file_id: 0,
                        byte_offset: 30,
                        byte_length: 11,
                    },
                },
                Let {
                    binding: Binding {
                        pattern: Identifier {
                            identifier: "x",
                            span: Span {
                                file_id: 0,
                                byte_offset: 49,
                                byte_length: 1,
                            },
                        },
                        annotation: None,
                        typed_pattern: None,
                        ty: Var {
                            id: uninferred,
                        },
                    },
                    value: Literal {
                        literal: Integer {
                            value: 3,
                            text: None,
                        },
                        ty: Var {
                            id: uninferred,
                        },
                        span: Span {
                            file_id: 0,
                            byte_offset: 53,
                            byte_length: 1,
                        },
                    },
                    mutable: false,
                    mut_span: None,
                    else_block: None,
                    else_span: None,
                    typed_pattern: None,
                    ty: Var {
                        id: uninferred,
                    },
                    span: Span {
                        file_id: 0,
                        byte_offset: 45,
                        byte_length: 9,
                    },
                },
                If {
                    condition: Binary {
                        operator: LessThan,
                        left: Identifier {
                            value: "foo",
                            ty: Var {
                                id: uninferred,
                            },
                            span: Span {
                                file_id: 0,
                                byte_offset: 61,
                                byte_length: 3,
                            },
                            binding_id: None,
                            qualified: None,
                        },
                        right: Identifier {
                            value: "Bar",
                            ty: Var {
                                id: uninferred,
                            },
                            span: Span {
                                file_id: 0,
                                byte_offset: 67,
                                byte_length: 3,
                            },
                            binding_id: None,
                            qualified: None,
                        },
                        ty: Var {
                            id: uninferred,
                        },
                        span: Span {
                            file_id: 0,
                            byte_offset: 61,
                            byte_length: 9,
                        },
                    },
                    consequence: Block {
                        items: [
                            Identifier {
                                value: "x",
                                ty: Var {
                                    id: uninferred,
                                },
                                span: Span {
                                    file_id: 0,
                                    byte_offset: 73,
                                    byte_length: 1,
                                },
                                binding_id: None,
                                qualified: None,
                            },
                        ],
                        ty: Var {
                            id: uninferred,
                        },
                        span: Span {
                            file_id: 0,
                            byte_offset: 71,
                            byte_length: 5,
                        },
                    },
                    alternative: Block {
                        items: [
                            Literal {
                                literal: Integer {
                                    value: 0,
                                    text: None,
                                },
                                ty: Var {
                                    id: uninferred,
                                },
                                span: Span {
                                    file_id: 0,
                                    byte_offset: 84,
                                    byte_length: 1,
                                },
                            },
                        ],
                        ty: Var {
                            id: uninferred,
                        },
                        span: Span {
                            file_id: 0,
                            byte_offset: 82,
                            byte_length: 5,
                        },
                    },
                    ty: Var {
                        id: uninferred,
                    },
                    span: Span {
                        file_id: 0,
                        byte_offset: 58,
                        byte_length: 29,
                    },
                },
            ],
            ty: Var {
                id: uninferred,
            },
            span: Span {
                file_id: 0,
                byte_offset: 11,
                byte_length: 78,
            },
        },
        ty: Var {
            id: uninferred,
        },
        span: Span {
            file_id: 0,
            byte_offset: 1,
            byte_length: 88,
        },
    },
]
