---
source: tests/spec/parse/mod.rs
description: "input: \nstruct Config {\n  pub name: string,\n  secret: string,\n  pub enabled: bool,\n}\n"
---
[
    Struct {
        doc: None,
        attributes: [],
        name: "Config",
        name_span: Span {
            file_id: 0,
            byte_offset: 8,
            byte_length: 6,
        },
        generics: [],
        fields: [
            StructFieldDefinition {
                doc: None,
                attributes: [],
                name: "name",
                name_span: Span {
                    file_id: 0,
                    byte_offset: 23,
                    byte_length: 4,
                },
                annotation: Constructor {
                    name: "string",
                    params: [],
                    span: Span {
                        file_id: 0,
                        byte_offset: 29,
                        byte_length: 6,
                    },
                },
                visibility: Public,
                ty: Var {
                    id: uninferred,
                },
            },
            StructFieldDefinition {
                doc: None,
                attributes: [],
                name: "secret",
                name_span: Span {
                    file_id: 0,
                    byte_offset: 39,
                    byte_length: 6,
                },
                annotation: Constructor {
                    name: "string",
                    params: [],
                    span: Span {
                        file_id: 0,
                        byte_offset: 47,
                        byte_length: 6,
                    },
                },
                visibility: Private,
                ty: Var {
                    id: uninferred,
                },
            },
            StructFieldDefinition {
                doc: None,
                attributes: [],
                name: "enabled",
                name_span: Span {
                    file_id: 0,
                    byte_offset: 61,
                    byte_length: 7,
                },
                annotation: Constructor {
                    name: "bool",
                    params: [],
                    span: Span {
                        file_id: 0,
                        byte_offset: 70,
                        byte_length: 4,
                    },
                },
                visibility: Public,
                ty: Var {
                    id: uninferred,
                },
            },
        ],
        kind: Record,
        visibility: Private,
        span: Span {
            file_id: 0,
            byte_offset: 1,
            byte_length: 76,
        },
    },
]
