---
source: tests/spec/parse/mod.rs
description: "input: \nstruct Container(Slice<int>, Map<string, bool>)\n"
---
[
    Struct {
        doc: None,
        attributes: [],
        name: "Container",
        name_span: Span {
            file_id: 0,
            byte_offset: 8,
            byte_length: 9,
        },
        generics: [],
        fields: [
            StructFieldDefinition {
                doc: None,
                attributes: [],
                name: "_0",
                name_span: Span {
                    file_id: 0,
                    byte_offset: 18,
                    byte_length: 10,
                },
                annotation: Constructor {
                    name: "Slice",
                    params: [
                        Constructor {
                            name: "int",
                            params: [],
                            span: Span {
                                file_id: 0,
                                byte_offset: 24,
                                byte_length: 3,
                            },
                        },
                    ],
                    span: Span {
                        file_id: 0,
                        byte_offset: 18,
                        byte_length: 10,
                    },
                },
                visibility: Private,
                ty: Var {
                    id: uninferred,
                },
            },
            StructFieldDefinition {
                doc: None,
                attributes: [],
                name: "_1",
                name_span: Span {
                    file_id: 0,
                    byte_offset: 30,
                    byte_length: 17,
                },
                annotation: Constructor {
                    name: "Map",
                    params: [
                        Constructor {
                            name: "string",
                            params: [],
                            span: Span {
                                file_id: 0,
                                byte_offset: 34,
                                byte_length: 6,
                            },
                        },
                        Constructor {
                            name: "bool",
                            params: [],
                            span: Span {
                                file_id: 0,
                                byte_offset: 42,
                                byte_length: 4,
                            },
                        },
                    ],
                    span: Span {
                        file_id: 0,
                        byte_offset: 30,
                        byte_length: 17,
                    },
                },
                visibility: Private,
                ty: Var {
                    id: uninferred,
                },
            },
        ],
        kind: Tuple,
        visibility: Private,
        span: Span {
            file_id: 0,
            byte_offset: 1,
            byte_length: 47,
        },
    },
]
