---
source: tests/spec/parse/mod.rs
description: "input: \nstruct Point(int, int)\n"
---
[
    Struct {
        doc: None,
        attributes: [],
        name: "Point",
        name_span: Span {
            file_id: 0,
            byte_offset: 8,
            byte_length: 5,
        },
        generics: [],
        fields: [
            StructFieldDefinition {
                doc: None,
                attributes: [],
                name: "_0",
                name_span: Span {
                    file_id: 0,
                    byte_offset: 14,
                    byte_length: 3,
                },
                annotation: Constructor {
                    name: "int",
                    params: [],
                    span: Span {
                        file_id: 0,
                        byte_offset: 14,
                        byte_length: 3,
                    },
                },
                visibility: Private,
                ty: Var {
                    id: uninferred,
                },
            },
            StructFieldDefinition {
                doc: None,
                attributes: [],
                name: "_1",
                name_span: Span {
                    file_id: 0,
                    byte_offset: 19,
                    byte_length: 3,
                },
                annotation: Constructor {
                    name: "int",
                    params: [],
                    span: Span {
                        file_id: 0,
                        byte_offset: 19,
                        byte_length: 3,
                    },
                },
                visibility: Private,
                ty: Var {
                    id: uninferred,
                },
            },
        ],
        kind: Tuple,
        visibility: Private,
        span: Span {
            file_id: 0,
            byte_offset: 1,
            byte_length: 22,
        },
    },
]
