---
source: tests/spec/lex/mod.rs
description: "input: r\"\\n\\t\\u{1234}\""
---
LexResult {
    tokens: [
        Token {
            kind: RawString,
            text: "r\"\\n\\t\\u{1234}\"",
            byte_offset: 0,
            byte_length: 15,
        },
        Token {
            kind: EOF,
            text: "",
            byte_offset: 15,
            byte_length: 0,
        },
    ],
    errors: [],
    trivia: Trivia {
        comments: [],
        doc_comments: [],
        blank_lines: [],
    },
}
