---
source: tests/ui/lint/mod.rs
---
  [warning] `Partial` is silently discarded
   ╭─[test.lis:7:3]
 6 │ fn main() {
 7 │   get_partial()
   ·   ──────┬──────
   ·         ╰── partial result will go unnoticed
 8 │ }
   ╰────
  help: Handle this `Partial` with `match`, explicitly discard it with `let _ = ...`, or return it by adding `-> Partial<int, string>` to the function signature · code: [lint.unused_partial]
