---
source: tests/ui/errors/mod.rs
---
  [error] Type mismatch
   ╭─[test.lis:4:23]
 3 │   let xs: Slice<int> = [1, 2, 3]
 4 │   takes_unknown_slice(xs)
   ·                       ─┬
   ·                        ╰── expected `Slice<Unknown>`, found `Slice<int>`
 5 │ }
   ╰────
  help: Change the type annotation to `Slice<int>` or convert the value to `Slice<Unknown>` · code: [infer.type_mismatch]
