---
source: tests/ui/errors/mod.rs
---
  [error] Cannot use enum variant as value
   ╭─[test.lis:7:11]
 6 │ fn main() {
 7 │   let a = A.Test
   ·           ───┬──
   ·              ╰── used as value
 8 │   let _ = a
   ╰────
  help: Instantiate the variant: `A.Test { field: value, ... }` · code: [infer.enum_variant_constructor_value]
