---
source: tests/ui/errors/mod.rs
---
  [error] Immutable argument passed to `mut` parameter
    ╭─[test.lis:11:20]
 10 │   let c = [3, 4]
 11 │   let _ = touch(a, b, c)
    ·                    ┬
    ·                    ╰── expected mutable, found immutable
 12 │ }
    ╰────
  help: `touch()` may mutate `b`, so declare it mutable using `let mut b = ...` · code: [infer.immutable_arg_to_mut_param]
