---
source: tests/ui/errors/mod.rs
---
  [error] Composite value in `const`
   ╭─[test.lis:4:16]
 3 │ 
 4 │ const ORIGIN = Point { x: 0, y: 0 }
   ·                ──────────┬─────────
   ·                          ╰── not allowed
   ╰────
  help: `const` only accepts primitive values: `bool`, `int`, `float`, and `string` · code: [infer.const_disallows_composite]
