---
source: tests/ui/errors/mod.rs
---
  [error] Invalid cast
   ╭─[test.lis:6:3]
 5 │   let s = MyStruct { x: 1 };
 6 │   s as int
   ·   ────┬───
   ·       ╰── cannot cast `MyStruct` to `int`
 7 │ }
   ╰────
  help: Casts are supported between numeric types, between string and byte/rune slices, from rune to string, and from concrete types to interfaces · code: [infer.invalid_cast]
